// Jest Snapshot v1, https://goo.gl/fbAQLP

exports[`AjouterProduct Component Snapshot du composant AjouterProduct 1`] = `
<DocumentFragment>
  <div
    class="rounded-sm border border-stroke bg-white shadow-default dark:border-strokedark dark:bg-boxdark"
  >
    <div
      class="py-6 px-4 md:px-6 xl:px-7.5"
    >
      <h4
        class="text-xl font-semibold text-black dark:text-white"
      >
        Add Product
      </h4>
      <form
        class="flex flex-col gap-5.5 p-6.5"
      >
        <div
          class="grid grid-cols-2 gap-4"
        >
          <div>
            <label
              class="mb-3 block text-black dark:text-white"
            >
              Product Name
            </label>
            <input
              class="w-full rounded-lg border-[1.5px] border-stroke bg-transparent py-3 px-5 text-black outline-none transition focus:border-primary active:border-primary dark:border-form-strokedark dark:bg-form-input dark:text-white dark:focus:border-primary"
              placeholder="Enter product name"
              type="text"
              value=""
            />
          </div>
          <div>
            <label
              class="mb-3 block text-black dark:text-white"
            >
              Price
            </label>
            <input
              class="w-full rounded-lg border-[1.5px] border-stroke bg-transparent py-3 px-5 text-black outline-none transition focus:border-primary active:border-primary dark:border-form-strokedark dark:bg-form-input dark:text-white dark:focus:border-primary"
              placeholder="Enter product price"
              type="number"
              value=""
            />
          </div>
          <div>
            <label
              class="mb-3 block text-black dark:text-white"
            >
              Quantity
            </label>
            <input
              class="w-full rounded-lg border-[1.5px] border-stroke bg-transparent py-3 px-5 text-black outline-none transition focus:border-primary active:border-primary dark:border-form-strokedark dark:bg-form-input dark:text-white dark:focus:border-primary"
              placeholder="Enter quantity"
              type="number"
              value=""
            />
          </div>
          <div>
            <label
              class="mb-3 block text-black dark:text-white"
            >
              Category
            </label>
            <select
              class="relative z-20 w-full appearance-none rounded border border-stroke bg-transparent py-3 px-12 outline-none transition focus:border-primary active:border-primary dark:border-form-strokedark dark:bg-form-input "
              required=""
            >
              <option
                value=""
              >
                Select a category
              </option>
            </select>
          </div>
          <div>
            <label
              class="mb-3 block text-black dark:text-white"
            >
              Description
            </label>
            <textarea
              class="w-full rounded-lg border-[1.5px] border-stroke bg-transparent py-3 px-5 text-black outline-none transition focus:border-primary active:border-primary dark:border-form-strokedark dark:bg-form-input dark:text-white dark:focus:border-primary"
              placeholder="Enter description"
              rows="6"
            />
          </div>
          <div>
            <label
              class="mb-3 block text-black dark:text-white"
            >
              Picture Products
            </label>
            <input
              accept="image/*"
              class="w-full cursor-pointer rounded-lg border-[1.5px] border-stroke bg-transparent outline-none transition file:mr-5 file:border-collapse file:cursor-pointer file:border-0 file:border-r file:border-solid file:border-stroke file:bg-whiter file:py-3 file:px-5 file:hover:bg-primary file:hover:bg-opacity-10 focus:border-primary active:border-primary dark:border-form-strokedark dark:bg-form-input dark:file:border-form-strokedark dark:file:bg-white/30 dark:file:text-white dark:focus:border-primary"
              required=""
              type="file"
            />
          </div>
        </div>
        <input
          class="inline-flex items-center justify-center gap-2.5 rounded-md bg-primary py-4 px-10 text-center font-medium text-white hover:bg-opacity-90 lg:px-8 xl:px-10"
          type="submit"
          value="Add Product"
        />
      </form>
    </div>
  </div>
</DocumentFragment>
`;
